﻿
> studymate@1.2.0 build
> vite build

[36mvite v5.4.21 [32mbuilding for production...[36m[39m
transforming...
[32mΓ£ô[39m 29 modules transformed.
npm : [31mx[39m 
Build failed in 364ms
At line:1 char:1
+ npm run build > 
build_error.log 2>&1
+ ~~~~~~~~~~~~~~~~~~~~~
~~~~~~~~~~~~~~~
    + CategoryInfo     
         : NotSpecifi  
  ed: ([31mx[39m B   
 uild failed in 364    
ms:String) [], Rem    
oteException
    + FullyQualifiedEr 
   rorId : NativeComm  
  andError
 
[31merror during 
build:
[31m[vite-plugin-pwa:b
uild] [plugin 
vite-plugin-pwa:build] 
There was an error 
during the build:
  [vite]: Rollup 
failed to resolve 
import 
"@react-three/fiber" 
from "D:/Projects/study
mate/src/components/thr
ee/FloatingParticles.js
x".
This is most likely 
unintended because it 
can break your 
application at runtime.
If you do want to 
externalize this 
module explicitly add 
it to
`build.rollupOptions.ex
ternal`
Additionally, handling 
the error in the 
'buildEnd' hook caused 
the following error:
  [vite]: Rollup 
failed to resolve 
import 
"@react-three/fiber" 
from "D:/Projects/study
mate/src/components/thr
ee/FloatingParticles.js
x".
This is most likely 
unintended because it 
can break your 
application at runtime.
If you do want to 
externalize this 
module explicitly add 
it to
`build.rollupOptions.ex
ternal`[31m
    at getRollupError (
file:///D:/Projects/stu
dymate/node_modules/rol
lup/dist/es/shared/pars
eAst.js:402:41)
    at file:///D:/Proje
cts/studymate/node_modu
les/rollup/dist/es/shar
ed/node-entry.js:23471:
39
    at async catchUnfin
ishedHookActions (file:
///D:/Projects/studymat
e/node_modules/rollup/d
ist/es/shared/node-entr
y.js:22929:16)
    at async 
rollupInternal (file://
/D:/Projects/studymate/
node_modules/rollup/dis
t/es/shared/node-entry.
js:23454:5)
    at async build (fil
e:///D:/Projects/studym
ate/node_modules/vite/d
ist/node/chunks/dep-BK3
b2jBa.js:65709:14)
    at async 
CAC.<anonymous> (file:/
//D:/Projects/studymate
/node_modules/vite/dist
/node/cli.js:829:5)[39
m
